#
# There is insufficient memory for the Java Runtime Environment to continue.
# Native memory allocation (malloc) failed to allocate 2519696 bytes for Chunk::new
# Possible reasons:
#   The system is out of physical RAM or swap space
#   The process is running with CompressedOops enabled, and the Java Heap may be blocking the growth of the native heap
# Possible solutions:
#   Reduce memory load on the system
#   Increase physical memory or swap space
#   Check if swap backing store is full
#   Decrease Java heap size (-Xmx/-Xms)
#   Decrease number of Java threads
#   Decrease Java thread stack sizes (-Xss)
#   Set larger code cache with -XX:ReservedCodeCacheSize=
#   JVM is running with Unscaled Compressed Oops mode in which the Java heap is
#     placed in the first 4GB address space. The Java Heap base address is the
#     maximum limit for the native heap growth. Please use -XX:HeapBaseMinAddress
#     to set the Java Heap base and to place the Java Heap above 4GB virtual address.
# This output file may be truncated or incomplete.
#
#  Out of Memory Error (./open/src/hotspot/share/memory/arena.cpp:197), pid=25244, tid=8024
#
# JRE version: Java(TM) SE Runtime Environment 18.9 (11.0.24+7) (build 11.0.24+7-LTS-271)
# Java VM: Java HotSpot(TM) 64-Bit Server VM 18.9 (11.0.24+7-LTS-271, mixed mode, tiered, compressed oops, g1 gc, windows-amd64)
# No core dump will be written. Minidumps are not enabled by default on client versions of Windows
#

---------------  S U M M A R Y ------------

Command Line: -ea -Didea.test.cyclic.buffer.size=1048576 -javaagent:C:\Program Files\JetBrains\IntelliJ IDEA 2024.1\lib\idea_rt.jar=58223:C:\Program Files\JetBrains\IntelliJ IDEA 2024.1\bin -Dfile.encoding=UTF-8 com.intellij.rt.testng.RemoteTestNGStarter -usedefaultlisteners false -socket58222 @w@C:\Users\nimes\AppData\Local\Temp\idea_working_dirs_testng.tmp -temp C:\Users\nimes\AppData\Local\Temp\idea_testng.tmp

Host: Intel(R) Core(TM) i5-8250U CPU @ 1.60GHz, 8 cores, 7G,  Windows 10 , 64 bit Build 19041 (10.0.19041.5198)
Time: Mon Jan 13 21:14:27 2025 Sri Lanka Standard Time elapsed time: 44.331244 seconds (0d 0h 0m 44s)

---------------  T H R E A D  ---------------

Current thread (0x0000023ef977a000):  JavaThread "C2 CompilerThread0" daemon [_thread_in_native, id=8024, stack(0x0000007aa6000000,0x0000007aa6100000)]


Current CompileTask:
C2:  44331 2573   !   4       jdk.internal.loader.BuiltinClassLoader::loadClassOrNull (143 bytes)

Stack: [0x0000007aa6000000,0x0000007aa6100000]
Native frames: (J=compiled Java code, j=interpreted, Vv=VM code, C=native code)
V  [jvm.dll+0x657ffa]
V  [jvm.dll+0x799f7f]
V  [jvm.dll+0x79b649]
V  [jvm.dll+0x79bcf3]
V  [jvm.dll+0x255535]
V  [jvm.dll+0xb310c]
V  [jvm.dll+0xb371c]
V  [jvm.dll+0x35f821]
V  [jvm.dll+0x1a1124]
V  [jvm.dll+0x20f09d]
V  [jvm.dll+0x20df1d]
V  [jvm.dll+0x18b361]
V  [jvm.dll+0x21e594]
V  [jvm.dll+0x21c8bc]
V  [jvm.dll+0x75de51]
V  [jvm.dll+0x756774]
V  [jvm.dll+0x656ea5]
C  [ucrtbase.dll+0x21bb2]
C  [KERNEL32.DLL+0x17374]
C  [ntdll.dll+0x4cc91]


---------------  P R O C E S S  ---------------

Threads class SMR info:
_java_thread_list=0x0000023efd5a4220, length=34, elements={
0x0000023edb801000, 0x0000023ef975b800, 0x0000023ef9765000, 0x0000023ef9772800,
0x0000023ef9773800, 0x0000023ef9776000, 0x0000023ef977a000, 0x0000023ef977b800,
0x0000023efa0ca800, 0x0000023ef96f3000, 0x0000023efa445800, 0x0000023efb5fc000,
0x0000023efa7da000, 0x0000023efaebd800, 0x0000023efaebe800, 0x0000023efae95800,
0x0000023efa9c6000, 0x0000023efae76800, 0x0000023efa802000, 0x0000023efa805800,
0x0000023efa803000, 0x0000023efa7ff800, 0x0000023efa803800, 0x0000023efa804800,
0x0000023efa806000, 0x0000023efa801000, 0x0000023efa800800, 0x0000023efb5c7000,
0x0000023efb5c7800, 0x0000023efb5c6000, 0x0000023efb5ca000, 0x0000023efb5cc000,
0x0000023efb5c8800, 0x0000023efb5c9800
}

Java Threads: ( => current thread )
  0x0000023edb801000 JavaThread "main" [_thread_in_native, id=29100, stack(0x0000007aa5400000,0x0000007aa5500000)]
  0x0000023ef975b800 JavaThread "Reference Handler" daemon [_thread_blocked, id=26460, stack(0x0000007aa5b00000,0x0000007aa5c00000)]
  0x0000023ef9765000 JavaThread "Finalizer" daemon [_thread_blocked, id=32100, stack(0x0000007aa5c00000,0x0000007aa5d00000)]
  0x0000023ef9772800 JavaThread "Signal Dispatcher" daemon [_thread_blocked, id=32288, stack(0x0000007aa5d00000,0x0000007aa5e00000)]
  0x0000023ef9773800 JavaThread "Attach Listener" daemon [_thread_blocked, id=27968, stack(0x0000007aa5e00000,0x0000007aa5f00000)]
  0x0000023ef9776000 JavaThread "Service Thread" daemon [_thread_blocked, id=32236, stack(0x0000007aa5f00000,0x0000007aa6000000)]
=>0x0000023ef977a000 JavaThread "C2 CompilerThread0" daemon [_thread_in_native, id=8024, stack(0x0000007aa6000000,0x0000007aa6100000)]
  0x0000023ef977b800 JavaThread "C1 CompilerThread0" daemon [_thread_blocked, id=21852, stack(0x0000007aa6100000,0x0000007aa6200000)]
  0x0000023efa0ca800 JavaThread "Sweeper thread" daemon [_thread_blocked, id=29328, stack(0x0000007aa6200000,0x0000007aa6300000)]
  0x0000023ef96f3000 JavaThread "Common-Cleaner" daemon [_thread_blocked, id=31116, stack(0x0000007aa6300000,0x0000007aa6400000)]
  0x0000023efa445800 JavaThread "Monitor Ctrl-Break" daemon [_thread_in_native, id=33488, stack(0x0000007aa6500000,0x0000007aa6600000)]
  0x0000023efb5fc000 JavaThread "ForkJoinPool.commonPool-worker-3" daemon [_thread_blocked, id=8608, stack(0x0000007aa6800000,0x0000007aa6900000)]
  0x0000023efa7da000 JavaThread "External Process Output Forwarder - C:\Users\nimes\.cache\selenium\chromedriver\win64\131.0.6778.264\chromedriver.exe" daemon [_thread_in_native, id=10016, stack(0x0000007aa6b00000,0x0000007aa6c00000)]
  0x0000023efaebd800 JavaThread "Driver Service Executor" daemon [_thread_blocked, id=25580, stack(0x0000007aa6c00000,0x0000007aa6d00000)]
  0x0000023efaebe800 JavaThread "Driver Service Executor" daemon [_thread_blocked, id=20744, stack(0x0000007aa6d00000,0x0000007aa6e00000)]
  0x0000023efae95800 JavaThread "UrlChecker-2" daemon [_thread_blocked, id=30308, stack(0x0000007aa6e00000,0x0000007aa6f00000)]
  0x0000023efa9c6000 JavaThread "JdkHttpClient-0-0" daemon [_thread_blocked, id=13088, stack(0x0000007aa7100000,0x0000007aa7200000)]
  0x0000023efae76800 JavaThread "JdkHttpClient-0-1" daemon [_thread_blocked, id=17716, stack(0x0000007aa7200000,0x0000007aa7300000)]
  0x0000023efa802000 JavaThread "JdkHttpClient-0-2" daemon [_thread_blocked, id=16548, stack(0x0000007aa7300000,0x0000007aa7400000)]
  0x0000023efa805800 JavaThread "HttpClient-2-SelectorManager" daemon [_thread_in_native, id=19616, stack(0x0000007aa7000000,0x0000007aa7100000)]
  0x0000023efa803000 JavaThread "JdkHttpClient-1-0" daemon [_thread_blocked, id=26844, stack(0x0000007aa7400000,0x0000007aa7500000)]
  0x0000023efa7ff800 JavaThread "JdkHttpClient-1-1" daemon [_thread_blocked, id=20340, stack(0x0000007aa7500000,0x0000007aa7600000)]
  0x0000023efa803800 JavaThread "JdkHttpClient-1-2" daemon [_thread_blocked, id=24152, stack(0x0000007aa7600000,0x0000007aa7700000)]
  0x0000023efa804800 JavaThread "HttpClient-3-SelectorManager" daemon [_thread_in_native, id=28408, stack(0x0000007aa7700000,0x0000007aa7800000)]
  0x0000023efa806000 JavaThread "External Process Output Forwarder - C:\Users\nimes\.cache\selenium\chromedriver\win64\131.0.6778.264\chromedriver.exe" daemon [_thread_in_native, id=26472, stack(0x0000007aa7800000,0x0000007aa7900000)]
  0x0000023efa801000 JavaThread "Driver Service Executor" daemon [_thread_blocked, id=22356, stack(0x0000007aa7900000,0x0000007aa7a00000)]
  0x0000023efa800800 JavaThread "Driver Service Executor" daemon [_thread_in_native, id=5500, stack(0x0000007aa7a00000,0x0000007aa7b00000)]
  0x0000023efb5c7000 JavaThread "JdkHttpClient-2-0" daemon [_thread_blocked, id=25368, stack(0x0000007aa7c00000,0x0000007aa7d00000)]
  0x0000023efb5c7800 JavaThread "JdkHttpClient-2-1" daemon [_thread_blocked, id=24504, stack(0x0000007aa7d00000,0x0000007aa7e00000)]
  0x0000023efb5c6000 JavaThread "JdkHttpClient-2-2" daemon [_thread_blocked, id=22700, stack(0x0000007aa7e00000,0x0000007aa7f00000)]
  0x0000023efb5ca000 JavaThread "HttpClient-4-SelectorManager" daemon [_thread_in_native, id=15736, stack(0x0000007aa7b00000,0x0000007aa7c00000)]
  0x0000023efb5cc000 JavaThread "JdkHttpClient-3-0" daemon [_thread_blocked, id=33040, stack(0x0000007aa8100000,0x0000007aa8200000)]
  0x0000023efb5c8800 JavaThread "JdkHttpClient-3-1" daemon [_thread_blocked, id=10768, stack(0x0000007aa8200000,0x0000007aa8300000)]
  0x0000023efb5c9800 JavaThread "JdkHttpClient-3-2" daemon [_thread_blocked, id=33800, stack(0x0000007aa8300000,0x0000007aa8400000)]

Other Threads:
  0x0000023ef9759800 VMThread "VM Thread" [stack: 0x0000007aa5a00000,0x0000007aa5b00000] [id=27036]
  0x0000023efa447800 WatcherThread [stack: 0x0000007aa6600000,0x0000007aa6700000] [id=28092]
  0x0000023edb814800 GCTaskThread "GC Thread#0" [stack: 0x0000007aa5500000,0x0000007aa5600000] [id=23568]
  0x0000023efb005800 GCTaskThread "GC Thread#1" [stack: 0x0000007aa6400000,0x0000007aa6500000] [id=34544]
  0x0000023efab80800 GCTaskThread "GC Thread#2" [stack: 0x0000007aa6700000,0x0000007aa6800000] [id=31452]
  0x0000023edb847800 ConcurrentGCThread "G1 Main Marker" [stack: 0x0000007aa5600000,0x0000007aa5700000] [id=29416]
  0x0000023edb84a000 ConcurrentGCThread "G1 Conc#0" [stack: 0x0000007aa5700000,0x0000007aa5800000] [id=20464]
  0x0000023efb07d000 ConcurrentGCThread "G1 Conc#1" [stack: 0x0000007aa6a00000,0x0000007aa6b00000] [id=31112]
  0x0000023edb8ce800 ConcurrentGCThread "G1 Refine#0" [stack: 0x0000007aa5800000,0x0000007aa5900000] [id=28912]
  0x0000023ef95a0800 ConcurrentGCThread "G1 Young RemSet Sampling" [stack: 0x0000007aa5900000,0x0000007aa5a00000] [id=22024]

Threads with active compile tasks:
C2 CompilerThread0    45013 2573   !   4       jdk.internal.loader.BuiltinClassLoader::loadClassOrNull (143 bytes)

VM state:not at safepoint (normal execution)

VM Mutex/Monitor currently owned by a thread: None

Heap address: 0x0000000082000000, size: 2016 MB, Compressed Oops mode: 32-bit
Narrow klass base: 0x0000000000000000, Narrow klass shift: 3
Compressed class space size: 1073741824 Address: 0x0000000100000000

Heap:
 garbage-first heap   total 129024K, used 17962K [0x0000000082000000, 0x0000000100000000)
  region size 1024K, 6 young (6144K), 3 survivors (3072K)
 Metaspace       used 37234K, capacity 38560K, committed 38700K, reserved 1083392K
  class space    used 4284K, capacity 4876K, committed 4992K, reserved 1048576K
Heap Regions: E=young(eden), S=young(survivor), O=old, HS=humongous(starts), HC=humongous(continues), CS=collection set, F=free, A=archive, TAMS=top-at-mark-start (previous, next)
|   0|0x0000000082000000, 0x0000000082100000, 0x0000000082100000|100%|HS|  |TAMS 0x0000000082100000, 0x0000000082000000| Complete 
|   1|0x0000000082100000, 0x0000000082200000, 0x0000000082200000|100%| O|  |TAMS 0x0000000082200000, 0x0000000082100000| Untracked 
|   2|0x0000000082200000, 0x0000000082300000, 0x0000000082300000|100%| O|  |TAMS 0x0000000082300000, 0x0000000082200000| Untracked 
|   3|0x0000000082300000, 0x0000000082400000, 0x0000000082400000|100%| O|  |TAMS 0x0000000082400000, 0x0000000082300000| Untracked 
|   4|0x0000000082400000, 0x0000000082500000, 0x0000000082500000|100%| O|  |TAMS 0x0000000082500000, 0x0000000082400000| Untracked 
|   5|0x0000000082500000, 0x0000000082600000, 0x0000000082600000|100%| O|  |TAMS 0x0000000082600000, 0x0000000082500000| Untracked 
|   6|0x0000000082600000, 0x0000000082700000, 0x0000000082700000|100%| O|  |TAMS 0x0000000082700000, 0x0000000082600000| Untracked 
|   7|0x0000000082700000, 0x0000000082800000, 0x0000000082800000|100%| O|  |TAMS 0x0000000082800000, 0x0000000082700000| Untracked 
|   8|0x0000000082800000, 0x0000000082900000, 0x0000000082900000|100%| O|  |TAMS 0x0000000082900000, 0x0000000082800000| Untracked 
|   9|0x0000000082900000, 0x0000000082a00000, 0x0000000082a00000|100%| O|  |TAMS 0x000000008295cc00, 0x0000000082900000| Untracked 
|  10|0x0000000082a00000, 0x0000000082b00000, 0x0000000082b00000|100%| O|  |TAMS 0x0000000082a00000, 0x0000000082a00000| Untracked 
|  11|0x0000000082b00000, 0x0000000082c00000, 0x0000000082c00000|100%| O|  |TAMS 0x0000000082b00000, 0x0000000082b00000| Untracked 
|  12|0x0000000082c00000, 0x0000000082d00000, 0x0000000082d00000|100%| O|  |TAMS 0x0000000082c00000, 0x0000000082c00000| Untracked 
|  13|0x0000000082d00000, 0x0000000082d46000, 0x0000000082e00000| 27%| O|  |TAMS 0x0000000082d00000, 0x0000000082d00000| Untracked 
|  14|0x0000000082e00000, 0x0000000082e00000, 0x0000000082f00000|  0%| F|  |TAMS 0x0000000082e00000, 0x0000000082e00000| Untracked 
|  15|0x0000000082f00000, 0x0000000082f00000, 0x0000000083000000|  0%| F|  |TAMS 0x0000000082f00000, 0x0000000082f00000| Untracked 
|  16|0x0000000083000000, 0x0000000083000000, 0x0000000083100000|  0%| F|  |TAMS 0x0000000083000000, 0x0000000083000000| Untracked 
|  17|0x0000000083100000, 0x0000000083100000, 0x0000000083200000|  0%| F|  |TAMS 0x0000000083100000, 0x0000000083100000| Untracked 
|  18|0x0000000083200000, 0x0000000083200000, 0x0000000083300000|  0%| F|  |TAMS 0x0000000083200000, 0x0000000083200000| Untracked 
|  19|0x0000000083300000, 0x0000000083300000, 0x0000000083400000|  0%| F|  |TAMS 0x0000000083300000, 0x0000000083300000| Untracked 
|  20|0x0000000083400000, 0x0000000083400000, 0x0000000083500000|  0%| F|  |TAMS 0x0000000083400000, 0x0000000083400000| Untracked 
|  21|0x0000000083500000, 0x0000000083500000, 0x0000000083600000|  0%| F|  |TAMS 0x0000000083500000, 0x0000000083500000| Untracked 
|  22|0x0000000083600000, 0x0000000083600000, 0x0000000083700000|  0%| F|  |TAMS 0x0000000083600000, 0x0000000083600000| Untracked 
|  23|0x0000000083700000, 0x0000000083700000, 0x0000000083800000|  0%| F|  |TAMS 0x0000000083700000, 0x0000000083700000| Untracked 
|  24|0x0000000083800000, 0x0000000083800000, 0x0000000083900000|  0%| F|  |TAMS 0x0000000083800000, 0x0000000083800000| Untracked 
|  25|0x0000000083900000, 0x0000000083900000, 0x0000000083a00000|  0%| F|  |TAMS 0x0000000083900000, 0x0000000083900000| Untracked 
|  26|0x0000000083a00000, 0x0000000083a00000, 0x0000000083b00000|  0%| F|  |TAMS 0x0000000083a00000, 0x0000000083a00000| Untracked 
|  27|0x0000000083b00000, 0x0000000083b00000, 0x0000000083c00000|  0%| F|  |TAMS 0x0000000083b00000, 0x0000000083b00000| Untracked 
|  28|0x0000000083c00000, 0x0000000083c00000, 0x0000000083d00000|  0%| F|  |TAMS 0x0000000083c00000, 0x0000000083c00000| Untracked 
|  29|0x0000000083d00000, 0x0000000083d00000, 0x0000000083e00000|  0%| F|  |TAMS 0x0000000083d00000, 0x0000000083d00000| Untracked 
|  30|0x0000000083e00000, 0x0000000083e00000, 0x0000000083f00000|  0%| F|  |TAMS 0x0000000083e00000, 0x0000000083e00000| Untracked 
|  31|0x0000000083f00000, 0x0000000083f00000, 0x0000000084000000|  0%| F|  |TAMS 0x0000000083f00000, 0x0000000083f00000| Untracked 
|  32|0x0000000084000000, 0x0000000084000000, 0x0000000084100000|  0%| F|  |TAMS 0x0000000084000000, 0x0000000084000000| Untracked 
|  33|0x0000000084100000, 0x0000000084100000, 0x0000000084200000|  0%| F|  |TAMS 0x0000000084100000, 0x0000000084100000| Untracked 
|  34|0x0000000084200000, 0x0000000084200000, 0x0000000084300000|  0%| F|  |TAMS 0x0000000084200000, 0x0000000084200000| Untracked 
|  35|0x0000000084300000, 0x0000000084300000, 0x0000000084400000|  0%| F|  |TAMS 0x0000000084300000, 0x0000000084300000| Untracked 
|  36|0x0000000084400000, 0x0000000084400000, 0x0000000084500000|  0%| F|  |TAMS 0x0000000084400000, 0x0000000084400000| Untracked 
|  37|0x0000000084500000, 0x0000000084500000, 0x0000000084600000|  0%| F|  |TAMS 0x0000000084500000, 0x0000000084500000| Untracked 
|  38|0x0000000084600000, 0x0000000084600000, 0x0000000084700000|  0%| F|  |TAMS 0x0000000084600000, 0x0000000084600000| Untracked 
|  39|0x0000000084700000, 0x0000000084700000, 0x0000000084800000|  0%| F|  |TAMS 0x0000000084700000, 0x0000000084700000| Untracked 
|  40|0x0000000084800000, 0x0000000084800000, 0x0000000084900000|  0%| F|  |TAMS 0x0000000084800000, 0x0000000084800000| Untracked 
|  41|0x0000000084900000, 0x0000000084900000, 0x0000000084a00000|  0%| F|  |TAMS 0x0000000084900000, 0x0000000084900000| Untracked 
|  42|0x0000000084a00000, 0x0000000084a00000, 0x0000000084b00000|  0%| F|  |TAMS 0x0000000084a00000, 0x0000000084a00000| Untracked 
|  43|0x0000000084b00000, 0x0000000084b00000, 0x0000000084c00000|  0%| F|  |TAMS 0x0000000084b00000, 0x0000000084b00000| Untracked 
|  44|0x0000000084c00000, 0x0000000084c00000, 0x0000000084d00000|  0%| F|  |TAMS 0x0000000084c00000, 0x0000000084c00000| Untracked 
|  45|0x0000000084d00000, 0x0000000084d00000, 0x0000000084e00000|  0%| F|  |TAMS 0x0000000084d00000, 0x0000000084d00000| Untracked 
|  46|0x0000000084e00000, 0x0000000084e00000, 0x0000000084f00000|  0%| F|  |TAMS 0x0000000084e00000, 0x0000000084e00000| Untracked 
|  47|0x0000000084f00000, 0x0000000084f00000, 0x0000000085000000|  0%| F|  |TAMS 0x0000000084f00000, 0x0000000084f00000| Untracked 
|  48|0x0000000085000000, 0x0000000085000000, 0x0000000085100000|  0%| F|  |TAMS 0x0000000085000000, 0x0000000085000000| Untracked 
|  49|0x0000000085100000, 0x0000000085100000, 0x0000000085200000|  0%| F|  |TAMS 0x0000000085100000, 0x0000000085100000| Untracked 
|  50|0x0000000085200000, 0x0000000085200000, 0x0000000085300000|  0%| F|  |TAMS 0x0000000085200000, 0x0000000085200000| Untracked 
|  51|0x0000000085300000, 0x0000000085300000, 0x0000000085400000|  0%| F|  |TAMS 0x0000000085300000, 0x0000000085300000| Untracked 
|  52|0x0000000085400000, 0x0000000085400000, 0x0000000085500000|  0%| F|  |TAMS 0x0000000085400000, 0x0000000085400000| Untracked 
|  53|0x0000000085500000, 0x0000000085500000, 0x0000000085600000|  0%| F|  |TAMS 0x0000000085500000, 0x0000000085500000| Untracked 
|  54|0x0000000085600000, 0x0000000085600000, 0x0000000085700000|  0%| F|  |TAMS 0x0000000085600000, 0x0000000085600000| Untracked 
|  55|0x0000000085700000, 0x0000000085700000, 0x0000000085800000|  0%| F|  |TAMS 0x0000000085700000, 0x0000000085700000| Untracked 
|  56|0x0000000085800000, 0x0000000085800000, 0x0000000085900000|  0%| F|  |TAMS 0x0000000085800000, 0x0000000085800000| Untracked 
|  57|0x0000000085900000, 0x0000000085900000, 0x0000000085a00000|  0%| F|  |TAMS 0x0000000085900000, 0x0000000085900000| Untracked 
|  58|0x0000000085a00000, 0x0000000085a00000, 0x0000000085b00000|  0%| F|  |TAMS 0x0000000085a00000, 0x0000000085a00000| Untracked 
|  59|0x0000000085b00000, 0x0000000085b00000, 0x0000000085c00000|  0%| F|  |TAMS 0x0000000085b00000, 0x0000000085b00000| Untracked 
|  60|0x0000000085c00000, 0x0000000085c00000, 0x0000000085d00000|  0%| F|  |TAMS 0x0000000085c00000, 0x0000000085c00000| Untracked 
|  61|0x0000000085d00000, 0x0000000085d44be0, 0x0000000085e00000| 26%| S|CS|TAMS 0x0000000085d00000, 0x0000000085d00000| Complete 
|  62|0x0000000085e00000, 0x0000000085f00000, 0x0000000085f00000|100%| S|CS|TAMS 0x0000000085e00000, 0x0000000085e00000| Complete 
|  63|0x0000000085f00000, 0x0000000086000000, 0x0000000086000000|100%| S|CS|TAMS 0x0000000085f00000, 0x0000000085f00000| Complete 
|  64|0x0000000086000000, 0x0000000086000000, 0x0000000086100000|  0%| F|  |TAMS 0x0000000086000000, 0x0000000086000000| Untracked 
|  65|0x0000000086100000, 0x0000000086100000, 0x0000000086200000|  0%| F|  |TAMS 0x0000000086100000, 0x0000000086100000| Untracked 
|  66|0x0000000086200000, 0x0000000086200000, 0x0000000086300000|  0%| F|  |TAMS 0x0000000086200000, 0x0000000086200000| Untracked 
|  67|0x0000000086300000, 0x0000000086300000, 0x0000000086400000|  0%| F|  |TAMS 0x0000000086300000, 0x0000000086300000| Untracked 
|  68|0x0000000086400000, 0x0000000086400000, 0x0000000086500000|  0%| F|  |TAMS 0x0000000086400000, 0x0000000086400000| Untracked 
|  69|0x0000000086500000, 0x0000000086500000, 0x0000000086600000|  0%| F|  |TAMS 0x0000000086500000, 0x0000000086500000| Untracked 
|  70|0x0000000086600000, 0x0000000086600000, 0x0000000086700000|  0%| F|  |TAMS 0x0000000086600000, 0x0000000086600000| Untracked 
|  71|0x0000000086700000, 0x0000000086700000, 0x0000000086800000|  0%| F|  |TAMS 0x0000000086700000, 0x0000000086700000| Untracked 
|  72|0x0000000086800000, 0x0000000086800000, 0x0000000086900000|  0%| F|  |TAMS 0x0000000086800000, 0x0000000086800000| Untracked 
|  73|0x0000000086900000, 0x0000000086900000, 0x0000000086a00000|  0%| F|  |TAMS 0x0000000086900000, 0x0000000086900000| Untracked 
|  74|0x0000000086a00000, 0x0000000086a00000, 0x0000000086b00000|  0%| F|  |TAMS 0x0000000086a00000, 0x0000000086a00000| Untracked 
|  75|0x0000000086b00000, 0x0000000086b00000, 0x0000000086c00000|  0%| F|  |TAMS 0x0000000086b00000, 0x0000000086b00000| Untracked 
|  76|0x0000000086c00000, 0x0000000086c00000, 0x0000000086d00000|  0%| F|  |TAMS 0x0000000086c00000, 0x0000000086c00000| Untracked 
|  77|0x0000000086d00000, 0x0000000086d00000, 0x0000000086e00000|  0%| F|  |TAMS 0x0000000086d00000, 0x0000000086d00000| Untracked 
|  78|0x0000000086e00000, 0x0000000086e00000, 0x0000000086f00000|  0%| F|  |TAMS 0x0000000086e00000, 0x0000000086e00000| Untracked 
|  79|0x0000000086f00000, 0x0000000086f00000, 0x0000000087000000|  0%| F|  |TAMS 0x0000000086f00000, 0x0000000086f00000| Untracked 
|  80|0x0000000087000000, 0x0000000087000000, 0x0000000087100000|  0%| F|  |TAMS 0x0000000087000000, 0x0000000087000000| Untracked 
|  81|0x0000000087100000, 0x0000000087100000, 0x0000000087200000|  0%| F|  |TAMS 0x0000000087100000, 0x0000000087100000| Untracked 
|  82|0x0000000087200000, 0x0000000087200000, 0x0000000087300000|  0%| F|  |TAMS 0x0000000087200000, 0x0000000087200000| Untracked 
|  83|0x0000000087300000, 0x0000000087300000, 0x0000000087400000|  0%| F|  |TAMS 0x0000000087300000, 0x0000000087300000| Untracked 
|  84|0x0000000087400000, 0x0000000087400000, 0x0000000087500000|  0%| F|  |TAMS 0x0000000087400000, 0x0000000087400000| Untracked 
|  85|0x0000000087500000, 0x0000000087500000, 0x0000000087600000|  0%| F|  |TAMS 0x0000000087500000, 0x0000000087500000| Untracked 
|  86|0x0000000087600000, 0x0000000087600000, 0x0000000087700000|  0%| F|  |TAMS 0x0000000087600000, 0x0000000087600000| Untracked 
|  87|0x0000000087700000, 0x0000000087700000, 0x0000000087800000|  0%| F|  |TAMS 0x0000000087700000, 0x0000000087700000| Untracked 
|  88|0x0000000087800000, 0x0000000087800000, 0x0000000087900000|  0%| F|  |TAMS 0x0000000087800000, 0x0000000087800000| Untracked 
|  89|0x0000000087900000, 0x0000000087900000, 0x0000000087a00000|  0%| F|  |TAMS 0x0000000087900000, 0x0000000087900000| Untracked 
|  90|0x0000000087a00000, 0x0000000087a00000, 0x0000000087b00000|  0%| F|  |TAMS 0x0000000087a00000, 0x0000000087a00000| Untracked 
|  91|0x0000000087b00000, 0x0000000087b00000, 0x0000000087c00000|  0%| F|  |TAMS 0x0000000087b00000, 0x0000000087b00000| Untracked 
|  92|0x0000000087c00000, 0x0000000087c00000, 0x0000000087d00000|  0%| F|  |TAMS 0x0000000087c00000, 0x0000000087c00000| Untracked 
|  93|0x0000000087d00000, 0x0000000087d00000, 0x0000000087e00000|  0%| F|  |TAMS 0x0000000087d00000, 0x0000000087d00000| Untracked 
|  94|0x0000000087e00000, 0x0000000087e00000, 0x0000000087f00000|  0%| F|  |TAMS 0x0000000087e00000, 0x0000000087e00000| Untracked 
|  95|0x0000000087f00000, 0x0000000087f00000, 0x0000000088000000|  0%| F|  |TAMS 0x0000000087f00000, 0x0000000087f00000| Untracked 
|  96|0x0000000088000000, 0x0000000088000000, 0x0000000088100000|  0%| F|  |TAMS 0x0000000088000000, 0x0000000088000000| Untracked 
|  97|0x0000000088100000, 0x0000000088100000, 0x0000000088200000|  0%| F|  |TAMS 0x0000000088100000, 0x0000000088100000| Untracked 
|  98|0x0000000088200000, 0x0000000088200000, 0x0000000088300000|  0%| F|  |TAMS 0x0000000088200000, 0x0000000088200000| Untracked 
|  99|0x0000000088300000, 0x0000000088300000, 0x0000000088400000|  0%| F|  |TAMS 0x0000000088300000, 0x0000000088300000| Untracked 
| 100|0x0000000088400000, 0x0000000088400000, 0x0000000088500000|  0%| F|  |TAMS 0x0000000088400000, 0x0000000088400000| Untracked 
| 101|0x0000000088500000, 0x0000000088500000, 0x0000000088600000|  0%| F|  |TAMS 0x0000000088500000, 0x0000000088500000| Untracked 
| 102|0x0000000088600000, 0x0000000088600000, 0x0000000088700000|  0%| F|  |TAMS 0x0000000088600000, 0x0000000088600000| Untracked 
| 103|0x0000000088700000, 0x0000000088700000, 0x0000000088800000|  0%| F|  |TAMS 0x0000000088700000, 0x0000000088700000| Untracked 
| 104|0x0000000088800000, 0x0000000088800000, 0x0000000088900000|  0%| F|  |TAMS 0x0000000088800000, 0x0000000088800000| Untracked 
| 105|0x0000000088900000, 0x0000000088900000, 0x0000000088a00000|  0%| F|  |TAMS 0x0000000088900000, 0x0000000088900000| Untracked 
| 106|0x0000000088a00000, 0x0000000088a00000, 0x0000000088b00000|  0%| F|  |TAMS 0x0000000088a00000, 0x0000000088a00000| Untracked 
| 107|0x0000000088b00000, 0x0000000088b00000, 0x0000000088c00000|  0%| F|  |TAMS 0x0000000088b00000, 0x0000000088b00000| Untracked 
| 108|0x0000000088c00000, 0x0000000088c00000, 0x0000000088d00000|  0%| F|  |TAMS 0x0000000088c00000, 0x0000000088c00000| Untracked 
| 109|0x0000000088d00000, 0x0000000088d00000, 0x0000000088e00000|  0%| F|  |TAMS 0x0000000088d00000, 0x0000000088d00000| Untracked 
| 110|0x0000000088e00000, 0x0000000088e00000, 0x0000000088f00000|  0%| F|  |TAMS 0x0000000088e00000, 0x0000000088e00000| Untracked 
| 111|0x0000000088f00000, 0x0000000088f00000, 0x0000000089000000|  0%| F|  |TAMS 0x0000000088f00000, 0x0000000088f00000| Untracked 
| 112|0x0000000089000000, 0x0000000089000000, 0x0000000089100000|  0%| F|  |TAMS 0x0000000089000000, 0x0000000089000000| Untracked 
| 113|0x0000000089100000, 0x0000000089100000, 0x0000000089200000|  0%| F|  |TAMS 0x0000000089100000, 0x0000000089100000| Untracked 
| 114|0x0000000089200000, 0x0000000089200000, 0x0000000089300000|  0%| F|  |TAMS 0x0000000089200000, 0x0000000089200000| Untracked 
| 115|0x0000000089300000, 0x0000000089300000, 0x0000000089400000|  0%| F|  |TAMS 0x0000000089300000, 0x0000000089300000| Untracked 
| 116|0x0000000089400000, 0x0000000089400000, 0x0000000089500000|  0%| F|  |TAMS 0x0000000089400000, 0x0000000089400000| Untracked 
| 117|0x0000000089500000, 0x0000000089500000, 0x0000000089600000|  0%| F|  |TAMS 0x0000000089500000, 0x0000000089500000| Untracked 
| 118|0x0000000089600000, 0x0000000089600000, 0x0000000089700000|  0%| F|  |TAMS 0x0000000089600000, 0x0000000089600000| Untracked 
| 119|0x0000000089700000, 0x0000000089700000, 0x0000000089800000|  0%| F|  |TAMS 0x0000000089700000, 0x0000000089700000| Untracked 
| 120|0x0000000089800000, 0x0000000089800000, 0x0000000089900000|  0%| F|  |TAMS 0x0000000089800000, 0x0000000089800000| Untracked 
| 121|0x0000000089900000, 0x0000000089900000, 0x0000000089a00000|  0%| F|  |TAMS 0x0000000089900000, 0x0000000089900000| Untracked 
| 122|0x0000000089a00000, 0x0000000089a00000, 0x0000000089b00000|  0%| F|  |TAMS 0x0000000089a00000, 0x0000000089a00000| Untracked 
| 123|0x0000000089b00000, 0x0000000089b80800, 0x0000000089c00000| 50%| E|  |TAMS 0x0000000089b00000, 0x0000000089b00000| Complete 
| 124|0x0000000089c00000, 0x0000000089d00000, 0x0000000089d00000|100%| E|CS|TAMS 0x0000000089c00000, 0x0000000089c00000| Complete 
| 125|0x0000000089d00000, 0x0000000089e00000, 0x0000000089e00000|100%| E|CS|TAMS 0x0000000089d00000, 0x0000000089d00000| Complete 

Card table byte_map: [0x0000023ef2610000,0x0000023ef2a00000] _byte_map_base: 0x0000023ef2200000

Marking Bits (Prev, Next): (CMBitMap*) 0x0000023edb83ed88, (CMBitMap*) 0x0000023edb83edc0
 Prev Bits: [0x0000023ef2df0000, 0x0000023ef4d70000)
 Next Bits: [0x0000023ef4d70000, 0x0000023ef6cf0000)

Polling page: 0x0000023edafd0000

Metaspace:

Usage:
  Non-class:     32.89 MB capacity,    32.18 MB ( 98%) used,   585.29 KB (  2%) free+waste,   147.56 KB ( <1%) overhead. 
      Class:      4.76 MB capacity,     4.18 MB ( 88%) used,   510.23 KB ( 10%) free+waste,    80.50 KB (  2%) overhead. 
       Both:     37.66 MB capacity,    36.36 MB ( 97%) used,     1.07 MB (  3%) free+waste,   228.06 KB ( <1%) overhead. 

Virtual space:
  Non-class space:       34.00 MB reserved,      32.92 MB ( 97%) committed 
      Class space:        1.00 GB reserved,       4.88 MB ( <1%) committed 
             Both:        1.03 GB reserved,      37.79 MB (  4%) committed 

Chunk freelists:
   Non-Class:  3.00 KB
       Class:  2.50 KB
        Both:  5.50 KB

CodeHeap 'non-profiled nmethods': size=120000Kb used=1188Kb max_used=1188Kb free=118811Kb
 bounds [0x0000023eea9c0000, 0x0000023eeac30000, 0x0000023ef1ef0000]
CodeHeap 'profiled nmethods': size=120000Kb used=5614Kb max_used=5614Kb free=114385Kb
 bounds [0x0000023ee3490000, 0x0000023ee3a10000, 0x0000023eea9c0000]
CodeHeap 'non-nmethods': size=5760Kb used=1180Kb max_used=1199Kb free=4579Kb
 bounds [0x0000023ee2ef0000, 0x0000023ee3160000, 0x0000023ee3490000]
 total_blobs=3228 nmethods=2685 adapters=454
 compilation: enabled
              stopped_count=0, restarted_count=0
 full_count=0

Compilation events (10 events):
Event: 44.214 Thread 0x0000023ef977b800 nmethod 2650 0x0000023ee39ea810 code [0x0000023ee39eaa60, 0x0000023ee39eb908]
Event: 44.214 Thread 0x0000023ef977b800 2651       3       org.apache.xmlbeans.impl.schema.SchemaTypeSystemImpl::lambda$buildContainersHelper$1 (16 bytes)
Event: 44.215 Thread 0x0000023ef977b800 nmethod 2651 0x0000023ee39ebd10 code [0x0000023ee39ebf40, 0x0000023ee39ecb88]
Event: 44.215 Thread 0x0000023ef977b800 2652       3       org.apache.xmlbeans.impl.schema.SchemaContainer::addGlobalType (16 bytes)
Event: 44.215 Thread 0x0000023ef977b800 nmethod 2652 0x0000023ee39ece90 code [0x0000023ee39ed060, 0x0000023ee39ed378]
Event: 44.215 Thread 0x0000023ef977b800 2653       3       org.apache.xmlbeans.impl.schema.SchemaTypeSystemImpl$$Lambda$936/0x0000000100484840::accept (12 bytes)
Event: 44.215 Thread 0x0000023ef977b800 nmethod 2653 0x0000023ee39ed510 code [0x0000023ee39ed700, 0x0000023ee39edc58]
Event: 44.215 Thread 0x0000023ef977b800 2648       3       org.apache.xmlbeans.impl.schema.SchemaTypeSystemImpl$$Lambda$930/0x0000000100486040::accept (12 bytes)
Event: 44.215 Thread 0x0000023ef977b800 nmethod 2648 0x0000023ee39ede10 code [0x0000023ee39ee000, 0x0000023ee39ee578]
Event: 44.219 Thread 0x0000023efcf1f800 nmethod 2633 0x0000023eeaae6990 code [0x0000023eeaae6ba0, 0x0000023eeaae7ac8]

GC Heap History (8 events):
Event: 3.906 GC heap before
{Heap before GC invocations=0 (full 0):
 garbage-first heap   total 129024K, used 24576K [0x0000000082000000, 0x0000000100000000)
  region size 1024K, 24 young (24576K), 0 survivors (0K)
 Metaspace       used 13396K, capacity 13612K, committed 13696K, reserved 1060864K
  class space    used 1259K, capacity 1347K, committed 1408K, reserved 1048576K
}
Event: 3.912 GC heap after
{Heap after GC invocations=1 (full 0):
 garbage-first heap   total 129024K, used 7901K [0x0000000082000000, 0x0000000100000000)
  region size 1024K, 3 young (3072K), 3 survivors (3072K)
 Metaspace       used 13396K, capacity 13612K, committed 13696K, reserved 1060864K
  class space    used 1259K, capacity 1347K, committed 1408K, reserved 1048576K
}
Event: 4.757 GC heap before
{Heap before GC invocations=1 (full 0):
 garbage-first heap   total 129024K, used 57053K [0x0000000082000000, 0x0000000100000000)
  region size 1024K, 52 young (53248K), 3 survivors (3072K)
 Metaspace       used 20626K, capacity 21085K, committed 21248K, reserved 1069056K
  class space    used 2117K, capacity 2290K, committed 2304K, reserved 1048576K
}
Event: 4.762 GC heap after
{Heap after GC invocations=2 (full 0):
 garbage-first heap   total 129024K, used 9365K [0x0000000082000000, 0x0000000100000000)
  region size 1024K, 5 young (5120K), 5 survivors (5120K)
 Metaspace       used 20626K, capacity 21085K, committed 21248K, reserved 1069056K
  class space    used 2117K, capacity 2290K, committed 2304K, reserved 1048576K
}
Event: 41.935 GC heap before
{Heap before GC invocations=3 (full 0):
 garbage-first heap   total 129024K, used 54421K [0x0000000082000000, 0x0000000100000000)
  region size 1024K, 49 young (50176K), 5 survivors (5120K)
 Metaspace       used 32222K, capacity 33392K, committed 33664K, reserved 1079296K
  class space    used 3633K, capacity 4134K, committed 4224K, reserved 1048576K
}
Event: 41.945 GC heap after
{Heap after GC invocations=4 (full 0):
 garbage-first heap   total 129024K, used 13821K [0x0000000082000000, 0x0000000100000000)
  region size 1024K, 6 young (6144K), 6 survivors (6144K)
 Metaspace       used 32222K, capacity 33392K, committed 33664K, reserved 1079296K
  class space    used 3633K, capacity 4134K, committed 4224K, reserved 1048576K
}
Event: 43.140 GC heap before
{Heap before GC invocations=4 (full 0):
 garbage-first heap   total 129024K, used 26109K [0x0000000082000000, 0x0000000100000000)
  region size 1024K, 19 young (19456K), 6 survivors (6144K)
 Metaspace       used 34313K, capacity 35488K, committed 35628K, reserved 1081344K
  class space    used 3890K, capacity 4412K, committed 4480K, reserved 1048576K
}
Event: 43.147 GC heap after
{Heap after GC invocations=5 (full 0):
 garbage-first heap   total 129024K, used 14241K [0x0000000082000000, 0x0000000100000000)
  region size 1024K, 5 young (5120K), 5 survivors (5120K)
 Metaspace       used 34313K, capacity 35488K, committed 35628K, reserved 1081344K
  class space    used 3890K, capacity 4412K, committed 4480K, reserved 1048576K
}

Deoptimization events (10 events):
Event: 41.890 Thread 0x0000023edb801000 Uncommon trap: reason=unstable_if action=reinterpret pc=0x0000023eeaa03f68 method=java.util.jar.JarFile.getVersionedEntry(Ljava/lang/String;Ljava/util/jar/JarEntry;)Ljava/util/jar/JarEntry; @ 7 c2
Event: 41.924 Thread 0x0000023edb801000 Uncommon trap: reason=unstable_if action=reinterpret pc=0x0000023eeaa88d7c method=java.util.HashMap.hash(Ljava/lang/Object;)I @ 1 c2
Event: 41.924 Thread 0x0000023edb801000 Uncommon trap: reason=unstable_if action=reinterpret pc=0x0000023eea9ec7ac method=java.util.HashMap.hash(Ljava/lang/Object;)I @ 1 c2
Event: 42.808 Thread 0x0000023edb801000 Uncommon trap: reason=loop_limit_check action=maybe_recompile pc=0x0000023eea9e1c60 method=java.lang.StringLatin1.lastIndexOf([BII)I @ 19 c2
Event: 42.818 Thread 0x0000023edb801000 Uncommon trap: reason=unstable_if action=reinterpret pc=0x0000023eeaa7cf58 method=java.util.regex.Pattern$BmpCharProperty.match(Ljava/util/regex/Matcher;ILjava/lang/CharSequence;)Z @ 5 c2
Event: 42.843 Thread 0x0000023edb801000 Uncommon trap: reason=unstable_if action=reinterpret pc=0x0000023eeaa79cb4 method=java.lang.CharacterDataLatin1.digit(II)I @ 7 c2
Event: 42.843 Thread 0x0000023edb801000 Uncommon trap: reason=unstable_if action=reinterpret pc=0x0000023eeaa7a3b0 method=java.lang.CharacterDataLatin1.digit(II)I @ 7 c2
Event: 42.847 Thread 0x0000023edb801000 Uncommon trap: reason=loop_limit_check action=maybe_recompile pc=0x0000023eeaa909a4 method=java.lang.StringLatin1.lastIndexOf([BII)I @ 19 c2
Event: 44.191 Thread 0x0000023edb801000 Uncommon trap: reason=unstable_if action=reinterpret pc=0x0000023eeaae0be4 method=org.apache.xmlbeans.impl.util.LongUTFDataInputStream.readLongUTF()Ljava/lang/String; @ 90 c2
Event: 44.216 Thread 0x0000023edb801000 Uncommon trap: reason=unstable_if action=reinterpret pc=0x0000023eeaae586c method=org.apache.xmlbeans.impl.schema.SchemaTypeSystemImpl$StringPool.stringForCode(I)Ljava/lang/String; @ 1 c2

Classes redefined (0 events):
No events

Internal exceptions (10 events):
Event: 41.909 Thread 0x0000023edb801000 Exception <a 'java/lang/IncompatibleClassChangeError'{0x0000000087342cf8}: Found class java.lang.Object, but interface was expected> (0x0000000087342cf8) thrown at [./open/src/hotspot/share/interpreter/linkResolver.cpp, line 838]
Event: 41.924 Thread 0x0000023edb801000 Implicit null exception at 0x0000023eeaa8823e to 0x0000023eeaa88d60
Event: 41.924 Thread 0x0000023edb801000 Implicit null exception at 0x0000023eea9ec72f to 0x0000023eea9ec79d
Event: 42.032 Thread 0x0000023edb801000 Exception <a 'java/lang/NoSuchMethodError'{0x0000000089ce0ae8}: java.lang.invoke.DirectMethodHandle$Holder.invokeStaticInit(Ljava/lang/Object;)V> (0x0000000089ce0ae8) thrown at [./open/src/hotspot/share/interpreter/linkResolver.cpp, line 772]
Event: 42.296 Thread 0x0000023edb801000 Exception <a 'java/lang/NoSuchMethodError'{0x0000000089654480}: java.lang.invoke.DirectMethodHandle$Holder.invokeVirtual(Ljava/lang/Object;Ljava/lang/Object;Ljava/lang/Object;Ljava/lang/Object;)V> (0x0000000089654480) thrown at [./open/src/hotspot/share/i
Event: 42.400 Thread 0x0000023edb801000 Exception <a 'java/lang/NoSuchMethodError'{0x00000000896c9ac8}: java.lang.invoke.DirectMethodHandle$Holder.invokeStatic(Ljava/lang/Object;Ljava/lang/Object;Ljava/lang/Object;I)V> (0x00000000896c9ac8) thrown at [./open/src/hotspot/share/interpreter/linkRes
Event: 42.400 Thread 0x0000023edb801000 Exception <a 'java/lang/NoSuchMethodError'{0x00000000896ccb20}: java.lang.invoke.DirectMethodHandle$Holder.invokeStaticInit(Ljava/lang/Object;Ljava/lang/Object;Ljava/lang/Object;I)V> (0x00000000896ccb20) thrown at [./open/src/hotspot/share/interpreter/lin
Event: 43.110 Thread 0x0000023edb801000 Exception <a 'java/lang/NoSuchMethodError'{0x0000000089202bc0}: java.lang.invoke.DirectMethodHandle$Holder.invokeStaticInit(Ljava/lang/Object;Ljava/lang/Object;II)Ljava/lang/Object;> (0x0000000089202bc0) thrown at [./open/src/hotspot/share/interpreter/lin
Event: 44.114 Thread 0x0000023edb801000 Exception <a 'java/lang/NoSuchMethodError'{0x0000000088b21ec0}: java.lang.invoke.DirectMethodHandle$Holder.invokeStatic(Ljava/lang/Object;Ljava/lang/Object;ILjava/lang/Object;)Ljava/lang/Object;> (0x0000000088b21ec0) thrown at [./open/src/hotspot/share/in
Event: 44.117 Thread 0x0000023edb801000 Exception <a 'java/lang/NoSuchMethodError'{0x0000000088b7fc38}: java.lang.invoke.DirectMethodHandle$Holder.invokeVirtual(Ljava/lang/Object;Ljava/lang/Object;)V> (0x0000000088b7fc38) thrown at [./open/src/hotspot/share/interpreter/linkResolver.cpp, line 77

Events (10 events):
Event: 44.300 loading class org/apache/xmlbeans/impl/store/Locale$XmlReaderSaxLoader
Event: 44.300 loading class org/apache/xmlbeans/impl/store/Locale$XmlReaderSaxLoader done
Event: 44.302 loading class org/apache/xmlbeans/impl/store/TextNode
Event: 44.302 loading class org/apache/xmlbeans/impl/store/TextNode done
Event: 44.303 loading class org/apache/xmlbeans/impl/store/CharNode
Event: 44.303 loading class org/apache/xmlbeans/impl/store/CharNode done
Event: 44.311 loading class org/apache/xmlbeans/impl/store/DomImpl$Dom
Event: 44.311 loading class org/apache/xmlbeans/impl/store/DomImpl$Dom done
Event: 44.314 loading class org/apache/xmlbeans/impl/store/SaajTextNode
Event: 44.314 loading class org/apache/xmlbeans/impl/store/SaajTextNode done


Dynamic libraries:
0x00007ff736df0000 - 0x00007ff736e00000 	C:\Program Files\Java\jdk-11\bin\java.exe
0x00007ff8289d0000 - 0x00007ff828bc8000 	C:\Windows\SYSTEM32\ntdll.dll
0x00007ff8278d0000 - 0x00007ff827992000 	C:\Windows\System32\KERNEL32.DLL
0x00007ff8266c0000 - 0x00007ff8269be000 	C:\Windows\System32\KERNELBASE.dll
0x00007ff826070000 - 0x00007ff826170000 	C:\Windows\System32\ucrtbase.dll
0x00007ff8239f0000 - 0x00007ff823a0b000 	C:\Program Files\Java\jdk-11\bin\VCRUNTIME140.dll
0x00007ff8212f0000 - 0x00007ff821309000 	C:\Program Files\Java\jdk-11\bin\jli.dll
0x00007ff828280000 - 0x00007ff828331000 	C:\Windows\System32\ADVAPI32.dll
0x00007ff827610000 - 0x00007ff8276ae000 	C:\Windows\System32\msvcrt.dll
0x00007ff827210000 - 0x00007ff8272af000 	C:\Windows\System32\sechost.dll
0x00007ff8274e0000 - 0x00007ff827603000 	C:\Windows\System32\RPCRT4.dll
0x00007ff8269c0000 - 0x00007ff8269e7000 	C:\Windows\System32\bcrypt.dll
0x00007ff8269f0000 - 0x00007ff826b8d000 	C:\Windows\System32\USER32.dll
0x00007ff8102c0000 - 0x00007ff81055a000 	C:\Windows\WinSxS\amd64_microsoft.windows.common-controls_6595b64144ccf1df_6.0.19041.4355_none_60b8b9eb71f62e16\COMCTL32.dll
0x00007ff826350000 - 0x00007ff826372000 	C:\Windows\System32\win32u.dll
0x00007ff8279a0000 - 0x00007ff8279cb000 	C:\Windows\System32\GDI32.dll
0x00007ff8264e0000 - 0x00007ff8265f7000 	C:\Windows\System32\gdi32full.dll
0x00007ff8262b0000 - 0x00007ff82634d000 	C:\Windows\System32\msvcp_win.dll
0x00007ff8205f0000 - 0x00007ff8205fa000 	C:\Windows\SYSTEM32\VERSION.dll
0x00007ff8277d0000 - 0x00007ff8277ff000 	C:\Windows\System32\IMM32.DLL
0x00007ff821700000 - 0x00007ff82170c000 	C:\Program Files\Java\jdk-11\bin\vcruntime140_1.dll
0x00007ff819490000 - 0x00007ff81951e000 	C:\Program Files\Java\jdk-11\bin\msvcp140.dll
0x00007fffee290000 - 0x00007fffeedf2000 	C:\Program Files\Java\jdk-11\bin\server\jvm.dll
0x00007ff828850000 - 0x00007ff828858000 	C:\Windows\System32\PSAPI.DLL
0x00007ff8234f0000 - 0x00007ff8234f9000 	C:\Windows\SYSTEM32\WSOCK32.dll
0x00007ff80f820000 - 0x00007ff80f847000 	C:\Windows\SYSTEM32\WINMM.dll
0x00007ff8272b0000 - 0x00007ff82731b000 	C:\Windows\System32\WS2_32.dll
0x00007ff823ef0000 - 0x00007ff823f02000 	C:\Windows\SYSTEM32\kernel.appcore.dll
0x00007ff820760000 - 0x00007ff820770000 	C:\Program Files\Java\jdk-11\bin\verify.dll
0x00007ff8147b0000 - 0x00007ff814994000 	C:\Windows\SYSTEM32\DBGHELP.DLL
0x00007ff8135b0000 - 0x00007ff8135e4000 	C:\Windows\SYSTEM32\dbgcore.DLL
0x00007ff826170000 - 0x00007ff8261f2000 	C:\Windows\System32\bcryptPrimitives.dll
0x00007ff81bbf0000 - 0x00007ff81bc18000 	C:\Program Files\Java\jdk-11\bin\java.dll
0x00007ff820290000 - 0x00007ff82029a000 	C:\Program Files\Java\jdk-11\bin\jimage.dll
0x00007ff81f340000 - 0x00007ff81f34e000 	C:\Program Files\Java\jdk-11\bin\instrument.dll
0x00007ff81f440000 - 0x00007ff81f457000 	C:\Program Files\Java\jdk-11\bin\zip.dll
0x00007ff827b10000 - 0x00007ff82827d000 	C:\Windows\System32\SHELL32.dll
0x00007ff8240f0000 - 0x00007ff824894000 	C:\Windows\SYSTEM32\windows.storage.dll
0x00007ff8284f0000 - 0x00007ff828843000 	C:\Windows\System32\combase.dll
0x00007ff825aa0000 - 0x00007ff825ace000 	C:\Windows\SYSTEM32\Wldp.dll
0x00007ff827800000 - 0x00007ff8278cd000 	C:\Windows\System32\OLEAUT32.dll
0x00007ff8276b0000 - 0x00007ff82775d000 	C:\Windows\System32\SHCORE.dll
0x00007ff827760000 - 0x00007ff8277b5000 	C:\Windows\System32\shlwapi.dll
0x00007ff825fa0000 - 0x00007ff825fc4000 	C:\Windows\SYSTEM32\profapi.dll
0x00007ff81bbd0000 - 0x00007ff81bbe9000 	C:\Program Files\Java\jdk-11\bin\net.dll
0x00007ff81d790000 - 0x00007ff81d89d000 	C:\Windows\SYSTEM32\WINHTTP.dll
0x00007ff825800000 - 0x00007ff82586a000 	C:\Windows\system32\mswsock.dll
0x00007ff819610000 - 0x00007ff819622000 	C:\Program Files\Java\jdk-11\bin\nio.dll
0x00007ff8190e0000 - 0x00007ff8190fa000 	C:\Program Files\JetBrains\IntelliJ IDEA 2024.1\bin\breakgen64.dll
0x00007ff825a00000 - 0x00007ff825a18000 	C:\Windows\SYSTEM32\CRYPTSP.dll
0x00007ff8250b0000 - 0x00007ff8250e4000 	C:\Windows\system32\rsaenh.dll
0x00007ff825f60000 - 0x00007ff825f8e000 	C:\Windows\SYSTEM32\USERENV.dll
0x00007ff8259f0000 - 0x00007ff8259fc000 	C:\Windows\SYSTEM32\CRYPTBASE.dll
0x00007ff825490000 - 0x00007ff8254cb000 	C:\Windows\SYSTEM32\IPHLPAPI.DLL
0x00007ff828340000 - 0x00007ff828348000 	C:\Windows\System32\NSI.dll
0x00007ff81da70000 - 0x00007ff81da87000 	C:\Windows\SYSTEM32\dhcpcsvc6.DLL
0x00007ff81f610000 - 0x00007ff81f62d000 	C:\Windows\SYSTEM32\dhcpcsvc.DLL
0x00007ff8254e0000 - 0x00007ff8255aa000 	C:\Windows\SYSTEM32\DNSAPI.dll
0x00007ff81c670000 - 0x00007ff81c67a000 	C:\Windows\System32\rasadhlp.dll
0x00007ff81c770000 - 0x00007ff81c7f0000 	C:\Windows\System32\fwpuclnt.dll
0x00007ff81f2c0000 - 0x00007ff81f2ce000 	C:\Program Files\Java\jdk-11\bin\sunmscapi.dll
0x00007ff826380000 - 0x00007ff8264dc000 	C:\Windows\System32\CRYPT32.dll
0x00007ff825b10000 - 0x00007ff825b37000 	C:\Windows\SYSTEM32\ncrypt.dll
0x00007ff825ad0000 - 0x00007ff825b0b000 	C:\Windows\SYSTEM32\NTASN1.dll
0x00007ff818e30000 - 0x00007ff818e57000 	C:\Program Files\Java\jdk-11\bin\sunec.dll
0x00007ff8235c0000 - 0x00007ff8235d7000 	C:\Windows\system32\napinsp.dll
0x00007ff8235a0000 - 0x00007ff8235bb000 	C:\Windows\system32\pnrpnsp.dll
0x00007ff823580000 - 0x00007ff823595000 	C:\Windows\system32\wshbth.dll
0x00007ff820850000 - 0x00007ff82086d000 	C:\Windows\system32\NLAapi.dll
0x00007ff823560000 - 0x00007ff823572000 	C:\Windows\System32\winrnr.dll
0x00007ff81ef70000 - 0x00007ff81ef79000 	C:\Program Files\Java\jdk-11\bin\management.dll
0x00007ff81c680000 - 0x00007ff81c68b000 	C:\Program Files\Java\jdk-11\bin\management_ext.dll

dbghelp: loaded successfully - version: 4.0.5 - missing functions: none
symbol engine: initialized successfully - sym options: 0x614 - pdb path: .;C:\Program Files\Java\jdk-11\bin;C:\Windows\SYSTEM32;C:\Windows\WinSxS\amd64_microsoft.windows.common-controls_6595b64144ccf1df_6.0.19041.4355_none_60b8b9eb71f62e16;C:\Program Files\Java\jdk-11\bin\server;C:\Program Files\JetBrains\IntelliJ IDEA 2024.1\bin

VM Arguments:
jvm_args: -ea -Didea.test.cyclic.buffer.size=1048576 -javaagent:C:\Program Files\JetBrains\IntelliJ IDEA 2024.1\lib\idea_rt.jar=58223:C:\Program Files\JetBrains\IntelliJ IDEA 2024.1\bin -Dfile.encoding=UTF-8 
java_command: com.intellij.rt.testng.RemoteTestNGStarter -usedefaultlisteners false -socket58222 @w@C:\Users\nimes\AppData\Local\Temp\idea_working_dirs_testng.tmp -temp C:\Users\nimes\AppData\Local\Temp\idea_testng.tmp
java_class_path (initial): C:\Program Files\JetBrains\IntelliJ IDEA 2024.1\lib\idea_rt.jar;C:\Program Files\JetBrains\IntelliJ IDEA 2024.1\plugins\testng\lib\testng-rt.jar;D:\MIT\SEM04\QA\QA_Assignment\target\test-classes;C:\Users\nimes\.m2\repository\org\seleniumhq\selenium\selenium-java\4.24.0\selenium-java-4.24.0.jar;C:\Users\nimes\.m2\repository\org\seleniumhq\selenium\selenium-api\4.24.0\selenium-api-4.24.0.jar;C:\Users\nimes\.m2\repository\org\jspecify\jspecify\1.0.0\jspecify-1.0.0.jar;C:\Users\nimes\.m2\repository\org\seleniumhq\selenium\selenium-chrome-driver\4.24.0\selenium-chrome-driver-4.24.0.jar;C:\Users\nimes\.m2\repository\com\google\auto\service\auto-service-annotations\1.1.1\auto-service-annotations-1.1.1.jar;C:\Users\nimes\.m2\repository\org\seleniumhq\selenium\selenium-chromium-driver\4.24.0\selenium-chromium-driver-4.24.0.jar;C:\Users\nimes\.m2\repository\org\seleniumhq\selenium\selenium-json\4.24.0\selenium-json-4.24.0.jar;C:\Users\nimes\.m2\repository\org\seleniumhq\selenium\selenium-manager\4.24.0\selenium-manager-4.24.0.jar;C:\Users\nimes\.m2\repository\org\seleniumhq\selenium\selenium-devtools-v126\4.24.0\selenium-devtools-v126-4.24.0.jar;C:\Users\nimes\.m2\repository\org\seleniumhq\selenium\selenium-devtools-v127\4.24.0\selenium-devtools-v127-4.24.0.jar;C:\Users\nimes\.m2\repository\org\seleniumhq\selenium\selenium-devtools-v128\4.24.0\selenium-devtools-v128-4.24.0.jar;C:\Users\nimes\.m2\repository\org\seleniumhq\selenium\selenium-devtools-v85\4.24.0\selenium-devtools-v85-4.24.0.jar;C:\Users\nimes\.m2\repository\org\seleniumhq\selenium\selenium-edge-driver\4.24.0\selenium-edge-driver-4.24.0.jar;C:\Users\nimes\.m2\repository\org\seleniumhq\selenium\selenium-firefox-driver\4.24.0\selenium-firefox-driver-4.24.0.jar;C:\Users\nimes\.m2\repository\org\seleniumhq\selenium\selenium-http\4.24.0\selenium-http-4.24.0.jar;C:\Users\nimes\.m2\repository\dev\failsafe\failsafe\3.3.2\failsafe-3.3.2.jar;C:\Users\nimes\.m2\repository\org\seleniumhq\selenium\
Launcher Type: SUN_STANDARD

[Global flags]
     intx CICompilerCount                          = 4                                         {product} {ergonomic}
     uint ConcGCThreads                            = 2                                         {product} {ergonomic}
     uint G1ConcRefinementThreads                  = 8                                         {product} {ergonomic}
   size_t G1HeapRegionSize                         = 1048576                                   {product} {ergonomic}
    uintx GCDrainStackTargetSize                   = 64                                        {product} {ergonomic}
   size_t InitialHeapSize                          = 132120576                                 {product} {ergonomic}
   size_t MarkStackSize                            = 4194304                                   {product} {ergonomic}
   size_t MaxHeapSize                              = 2113929216                                {product} {ergonomic}
   size_t MaxNewSize                               = 1267728384                                {product} {ergonomic}
   size_t MinHeapDeltaBytes                        = 1048576                                   {product} {ergonomic}
    uintx NonNMethodCodeHeapSize                   = 5836300                                {pd product} {ergonomic}
    uintx NonProfiledCodeHeapSize                  = 122910970                              {pd product} {ergonomic}
    uintx ProfiledCodeHeapSize                     = 122910970                              {pd product} {ergonomic}
    uintx ReservedCodeCacheSize                    = 251658240                              {pd product} {ergonomic}
     bool SegmentedCodeCache                       = true                                      {product} {ergonomic}
     bool UseCompressedClassPointers               = true                                 {lp64_product} {ergonomic}
     bool UseCompressedOops                        = true                                 {lp64_product} {ergonomic}
     bool UseG1GC                                  = true                                      {product} {ergonomic}
     bool UseLargePagesIndividualAllocation        = false                                  {pd product} {ergonomic}

Logging:
Log output configuration:
 #0: stdout all=warning uptime,level,tags
 #1: stderr all=off uptime,level,tags

Environment Variables:
PATH=C:\Program Files\Common Files\Oracle\Java\javapath;C:\Windows\system32;C:\Windows;C:\Windows\System32\Wbem;C:\Windows\System32\WindowsPowerShell\v1.0\;C:\Windows\System32\OpenSSH\;C:\Program Files\Git\cmd;C:\Program Files\php-8.1.8;C:\ProgramData\ComposerSetup\bin;C:\Program Files\nodejs\;C:\Program Files\MySQL\MySQL Server 8.0\bin;C:\Program Files\MySQL\MySQL Server 5.7\bin;C:\Program Files\Git\usr\bin;C:\Program Files\MySQL\MySQL Shell 8.0\bin\;C:\Users\nimes\AppData\Local\Microsoft\WindowsApps;C:\Program Files\Java\jdk1.8.0_71\bin;;C:\Users\nimes\AppData\Local\Programs\Microsoft VS Code\bin;C:\Users\nimes\AppData\Roaming\Composer\vendor\bin;C:\Users\nimes\AppData\Roaming\npm;C:\Program Files\JetBrains\IntelliJ IDEA 2024.1\bin;
USERNAME=nimesha
OS=Windows_NT
PROCESSOR_IDENTIFIER=Intel64 Family 6 Model 142 Stepping 10, GenuineIntel



---------------  S Y S T E M  ---------------

OS: Windows 10 , 64 bit Build 19041 (10.0.19041.5198)

CPU:total 8 (initial active 8) (4 cores per cpu, 2 threads per core) family 6 model 142 stepping 10 microcode 0xb4, cmov, cx8, fxsr, mmx, sse, sse2, sse3, ssse3, sse4.1, sse4.2, popcnt, avx, avx2, aes, clmul, erms, 3dnowpref, lzcnt, ht, tsc, tscinvbit, bmi1, bmi2, adx, fma

Memory: 4k page, system-wide physical 8058M (881M free)
TotalPageFile size 10106M (AvailPageFile size 8M)
current process WorkingSet (physical memory assigned to process): 201M, peak: 201M
current process commit charge ("private bytes"): 293M, peak: 294M

vm_info: Java HotSpot(TM) 64-Bit Server VM (11.0.24+7-LTS-271) for windows-amd64 JRE (11.0.24+7-LTS-271), built on Jun  5 2024 06:54:11 by "mach5one" with MS VC++ 17.6 (VS2022)

END.
